  Actor.cpp
C:\C++Files\SDL-OpenGLProject\SDLAndOpenGLProject\SDL3-3.2.8\include\SDL3\SDL_version.h(121,9): warning C4005: 'SDL_VERSION': マクロが再定義されました。
  (ソース ファイル 'Actor.cpp' をコンパイルしています)
      C:\C++Files\SDL-OpenGLProject\SDLAndOpenGLProject\SDL3-3.2.8\include\SDL3\SDL_version.h(121,9):
      'SDL_VERSION' は以前にコマンド ラインで宣言されています
  
  Animation.cpp
C:\C++Files\SDL-OpenGLProject\SDLAndOpenGLProject\SDL3-3.2.8\include\SDL3\SDL_version.h(121,9): warning C4005: 'SDL_VERSION': マクロが再定義されました。
  (ソース ファイル 'Animation.cpp' をコンパイルしています)
      C:\C++Files\SDL-OpenGLProject\SDLAndOpenGLProject\SDL3-3.2.8\include\SDL3\SDL_version.h(121,9):
      'SDL_VERSION' は以前にコマンド ラインで宣言されています
  
C:\C++Files\SDL-OpenGLProject\SDLAndOpenGLProject\Animation.cpp(289,23): warning C4244: '初期化中': 'double' から 'float' への変換です。データが失われる可能性があります。
C:\C++Files\SDL-OpenGLProject\SDLAndOpenGLProject\Animation.cpp(341,37): warning C4244: '引数': 'size_t' から 'float' への変換です。データが失われる可能性があります。
C:\C++Files\SDL-OpenGLProject\SDLAndOpenGLProject\Animation.cpp(360,34): warning C4244: '引数': 'size_t' から 'float' への変換です。データが失われる可能性があります。
C:\C++Files\SDL-OpenGLProject\SDLAndOpenGLProject\Animation.cpp(367,35): warning C4244: '引数': 'size_t' から 'float' への変換です。データが失われる可能性があります。
C:\C++Files\SDL-OpenGLProject\SDLAndOpenGLProject\Animation.cpp(506,18): warning C4244: '初期化中': 'double' から 'float' への変換です。データが失われる可能性があります。
C:\C++Files\SDL-OpenGLProject\SDLAndOpenGLProject\Animation.cpp(538,18): warning C4244: '初期化中': 'double' から 'float' への変換です。データが失われる可能性があります。
C:\C++Files\SDL-OpenGLProject\SDLAndOpenGLProject\Animation.cpp(587,18): warning C4244: '初期化中': 'double' から 'float' への変換です。データが失われる可能性があります。
  Animator.cpp
C:\C++Files\SDL-OpenGLProject\SDLAndOpenGLProject\SDL3-3.2.8\include\SDL3\SDL_version.h(121,9): warning C4005: 'SDL_VERSION': マクロが再定義されました。
  (ソース ファイル 'Animator.cpp' をコンパイルしています)
      C:\C++Files\SDL-OpenGLProject\SDLAndOpenGLProject\SDL3-3.2.8\include\SDL3\SDL_version.h(121,9):
      'SDL_VERSION' は以前にコマンド ラインで宣言されています
  
  Asteroid.cpp
C:\C++Files\SDL-OpenGLProject\SDLAndOpenGLProject\SDL3-3.2.8\include\SDL3\SDL_version.h(121,9): warning C4005: 'SDL_VERSION': マクロが再定義されました。
  (ソース ファイル 'Asteroid.cpp' をコンパイルしています)
      C:\C++Files\SDL-OpenGLProject\SDLAndOpenGLProject\SDL3-3.2.8\include\SDL3\SDL_version.h(121,9):
      'SDL_VERSION' は以前にコマンド ラインで宣言されています
  
  AudioComponent.cpp
C:\C++Files\SDL-OpenGLProject\SDLAndOpenGLProject\SDL3-3.2.8\include\SDL3\SDL_version.h(121,9): warning C4005: 'SDL_VERSION': マクロが再定義されました。
  (ソース ファイル 'AudioComponent.cpp' をコンパイルしています)
      C:\C++Files\SDL-OpenGLProject\SDLAndOpenGLProject\SDL3-3.2.8\include\SDL3\SDL_version.h(121,9):
      'SDL_VERSION' は以前にコマンド ラインで宣言されています
  
  BaseCamera.cpp
C:\C++Files\SDL-OpenGLProject\SDLAndOpenGLProject\SDL3-3.2.8\include\SDL3\SDL_version.h(121,9): warning C4005: 'SDL_VERSION': マクロが再定義されました。
  (ソース ファイル 'BaseCamera.cpp' をコンパイルしています)
      C:\C++Files\SDL-OpenGLProject\SDLAndOpenGLProject\SDL3-3.2.8\include\SDL3\SDL_version.h(121,9):
      'SDL_VERSION' は以前にコマンド ラインで宣言されています
  
  BaseScene.cpp
C:\C++Files\SDL-OpenGLProject\SDLAndOpenGLProject\SDL3-3.2.8\include\SDL3\SDL_version.h(121,9): warning C4005: 'SDL_VERSION': マクロが再定義されました。
  (ソース ファイル 'BaseScene.cpp' をコンパイルしています)
      C:\C++Files\SDL-OpenGLProject\SDLAndOpenGLProject\SDL3-3.2.8\include\SDL3\SDL_version.h(121,9):
      'SDL_VERSION' は以前にコマンド ラインで宣言されています
  
  BasicInputAction.cpp
C:\C++Files\SDL-OpenGLProject\SDLAndOpenGLProject\SDL3-3.2.8\include\SDL3\SDL_version.h(121,9): warning C4005: 'SDL_VERSION': マクロが再定義されました。
  (ソース ファイル 'BasicInputAction.cpp' をコンパイルしています)
      C:\C++Files\SDL-OpenGLProject\SDLAndOpenGLProject\SDL3-3.2.8\include\SDL3\SDL_version.h(121,9):
      'SDL_VERSION' は以前にコマンド ラインで宣言されています
  
  BoneActor.cpp
C:\C++Files\SDL-OpenGLProject\SDLAndOpenGLProject\SDL3-3.2.8\include\SDL3\SDL_version.h(121,9): warning C4005: 'SDL_VERSION': マクロが再定義されました。
  (ソース ファイル 'BoneActor.cpp' をコンパイルしています)
      C:\C++Files\SDL-OpenGLProject\SDLAndOpenGLProject\SDL3-3.2.8\include\SDL3\SDL_version.h(121,9):
      'SDL_VERSION' は以前にコマンド ラインで宣言されています
  
  BoneTransform.cpp
C:\C++Files\SDL-OpenGLProject\SDLAndOpenGLProject\SDL3-3.2.8\include\SDL3\SDL_version.h(121,9): warning C4005: 'SDL_VERSION': マクロが再定義されました。
  (ソース ファイル 'BoneTransform.cpp' をコンパイルしています)
      C:\C++Files\SDL-OpenGLProject\SDLAndOpenGLProject\SDL3-3.2.8\include\SDL3\SDL_version.h(121,9):
      'SDL_VERSION' は以前にコマンド ラインで宣言されています
  
  BoxCollider.cpp
C:\C++Files\SDL-OpenGLProject\SDLAndOpenGLProject\SDL3-3.2.8\include\SDL3\SDL_version.h(121,9): warning C4005: 'SDL_VERSION': マクロが再定義されました。
  (ソース ファイル 'BoxCollider.cpp' をコンパイルしています)
      C:\C++Files\SDL-OpenGLProject\SDLAndOpenGLProject\SDL3-3.2.8\include\SDL3\SDL_version.h(121,9):
      'SDL_VERSION' は以前にコマンド ラインで宣言されています
  
  BulletActor.cpp
C:\C++Files\SDL-OpenGLProject\SDLAndOpenGLProject\SDL3-3.2.8\include\SDL3\SDL_version.h(121,9): warning C4005: 'SDL_VERSION': マクロが再定義されました。
  (ソース ファイル 'BulletActor.cpp' をコンパイルしています)
      C:\C++Files\SDL-OpenGLProject\SDLAndOpenGLProject\SDL3-3.2.8\include\SDL3\SDL_version.h(121,9):
      'SDL_VERSION' は以前にコマンド ラインで宣言されています
  
  Button.cpp
C:\C++Files\SDL-OpenGLProject\SDLAndOpenGLProject\SDL3-3.2.8\include\SDL3\SDL_version.h(121,9): warning C4005: 'SDL_VERSION': マクロが再定義されました。
  (ソース ファイル 'Button.cpp' をコンパイルしています)
      C:\C++Files\SDL-OpenGLProject\SDLAndOpenGLProject\SDL3-3.2.8\include\SDL3\SDL_version.h(121,9):
      'SDL_VERSION' は以前にコマンド ラインで宣言されています
  
  CameraActor.cpp
C:\C++Files\SDL-OpenGLProject\SDLAndOpenGLProject\SDL3-3.2.8\include\SDL3\SDL_version.h(121,9): warning C4005: 'SDL_VERSION': マクロが再定義されました。
  (ソース ファイル 'CameraActor.cpp' をコンパイルしています)
      C:\C++Files\SDL-OpenGLProject\SDLAndOpenGLProject\SDL3-3.2.8\include\SDL3\SDL_version.h(121,9):
      'SDL_VERSION' は以前にコマンド ラインで宣言されています
  
  Canvas.cpp
C:\C++Files\SDL-OpenGLProject\SDLAndOpenGLProject\SDL3-3.2.8\include\SDL3\SDL_version.h(121,9): warning C4005: 'SDL_VERSION': マクロが再定義されました。
  (ソース ファイル 'Canvas.cpp' をコンパイルしています)
      C:\C++Files\SDL-OpenGLProject\SDLAndOpenGLProject\SDL3-3.2.8\include\SDL3\SDL_version.h(121,9):
      'SDL_VERSION' は以前にコマンド ラインで宣言されています
  
  CapsuleActor.cpp
C:\C++Files\SDL-OpenGLProject\SDLAndOpenGLProject\SDL3-3.2.8\include\SDL3\SDL_version.h(121,9): warning C4005: 'SDL_VERSION': マクロが再定義されました。
  (ソース ファイル 'CapsuleActor.cpp' をコンパイルしています)
      C:\C++Files\SDL-OpenGLProject\SDLAndOpenGLProject\SDL3-3.2.8\include\SDL3\SDL_version.h(121,9):
      'SDL_VERSION' は以前にコマンド ラインで宣言されています
  
  CapsuleCollider.cpp
C:\C++Files\SDL-OpenGLProject\SDLAndOpenGLProject\SDL3-3.2.8\include\SDL3\SDL_version.h(121,9): warning C4005: 'SDL_VERSION': マクロが再定義されました。
  (ソース ファイル 'CapsuleCollider.cpp' をコンパイルしています)
      C:\C++Files\SDL-OpenGLProject\SDLAndOpenGLProject\SDL3-3.2.8\include\SDL3\SDL_version.h(121,9):
      'SDL_VERSION' は以前にコマンド ラインで宣言されています
  
  Collider.cpp
C:\C++Files\SDL-OpenGLProject\SDLAndOpenGLProject\SDL3-3.2.8\include\SDL3\SDL_version.h(121,9): warning C4005: 'SDL_VERSION': マクロが再定義されました。
  (ソース ファイル 'Collider.cpp' をコンパイルしています)
      C:\C++Files\SDL-OpenGLProject\SDLAndOpenGLProject\SDL3-3.2.8\include\SDL3\SDL_version.h(121,9):
      'SDL_VERSION' は以前にコマンド ラインで宣言されています
  
  Component.cpp
C:\C++Files\SDL-OpenGLProject\SDLAndOpenGLProject\SDL3-3.2.8\include\SDL3\SDL_version.h(121,9): warning C4005: 'SDL_VERSION': マクロが再定義されました。
  (ソース ファイル 'Component.cpp' をコンパイルしています)
      C:\C++Files\SDL-OpenGLProject\SDLAndOpenGLProject\SDL3-3.2.8\include\SDL3\SDL_version.h(121,9):
      'SDL_VERSION' は以前にコマンド ラインで宣言されています
  
  CubeActor.cpp
C:\C++Files\SDL-OpenGLProject\SDLAndOpenGLProject\SDL3-3.2.8\include\SDL3\SDL_version.h(121,9): warning C4005: 'SDL_VERSION': マクロが再定義されました。
  (ソース ファイル 'CubeActor.cpp' をコンパイルしています)
      C:\C++Files\SDL-OpenGLProject\SDLAndOpenGLProject\SDL3-3.2.8\include\SDL3\SDL_version.h(121,9):
      'SDL_VERSION' は以前にコマンド ラインで宣言されています
  
  コードを生成中...
C:\C++Files\SDL-OpenGLProject\SDLAndOpenGLProject\CapsuleCollider.h(28,1): warning C4172: ローカル変数またはテンポラリ  のアドレスを返します
C:\C++Files\SDL-OpenGLProject\SDLAndOpenGLProject\BoxCollider.h(40,1): warning C4172: ローカル変数またはテンポラリ  のアドレスを返します
C:\C++Files\SDL-OpenGLProject\SDLAndOpenGLProject\BoxCollider.h(38,1): warning C4172: ローカル変数またはテンポラリ  のアドレスを返します
C:\C++Files\SDL-OpenGLProject\SDLAndOpenGLProject\Animation.cpp(486,1): warning C4715: 'Animation::FindTranslation': 値を返さないコントロール パスがあります。
C:\C++Files\SDL-OpenGLProject\SDLAndOpenGLProject\Animation.cpp(565,1): warning C4715: 'Animation::FindRotation': 値を返さないコントロール パスがあります。
C:\C++Files\SDL-OpenGLProject\SDLAndOpenGLProject\Animation.cpp(610,1): warning C4715: 'Animation::FindScaling': 値を返さないコントロール パスがあります。
  コンパイル中...
  DebugGrid.cpp
C:\C++Files\SDL-OpenGLProject\SDLAndOpenGLProject\SDL3-3.2.8\include\SDL3\SDL_version.h(121,9): warning C4005: 'SDL_VERSION': マクロが再定義されました。
  (ソース ファイル 'DebugGrid.cpp' をコンパイルしています)
      C:\C++Files\SDL-OpenGLProject\SDLAndOpenGLProject\SDL3-3.2.8\include\SDL3\SDL_version.h(121,9):
      'SDL_VERSION' は以前にコマンド ラインで宣言されています
  
  DebugScene01.cpp
C:\C++Files\SDL-OpenGLProject\SDLAndOpenGLProject\SDL3-3.2.8\include\SDL3\SDL_version.h(121,9): warning C4005: 'SDL_VERSION': マクロが再定義されました。
  (ソース ファイル 'DebugScene01.cpp' をコンパイルしています)
      C:\C++Files\SDL-OpenGLProject\SDLAndOpenGLProject\SDL3-3.2.8\include\SDL3\SDL_version.h(121,9):
      'SDL_VERSION' は以前にコマンド ラインで宣言されています
  
  DebugScene02.cpp
C:\C++Files\SDL-OpenGLProject\SDLAndOpenGLProject\SDL3-3.2.8\include\SDL3\SDL_version.h(121,9): warning C4005: 'SDL_VERSION': マクロが再定義されました。
  (ソース ファイル 'DebugScene02.cpp' をコンパイルしています)
      C:\C++Files\SDL-OpenGLProject\SDLAndOpenGLProject\SDL3-3.2.8\include\SDL3\SDL_version.h(121,9):
      'SDL_VERSION' は以前にコマンド ラインで宣言されています
  
  DialogBox.cpp
C:\C++Files\SDL-OpenGLProject\SDLAndOpenGLProject\SDL3-3.2.8\include\SDL3\SDL_version.h(121,9): warning C4005: 'SDL_VERSION': マクロが再定義されました。
  (ソース ファイル 'DialogBox.cpp' をコンパイルしています)
      C:\C++Files\SDL-OpenGLProject\SDLAndOpenGLProject\SDL3-3.2.8\include\SDL3\SDL_version.h(121,9):
      'SDL_VERSION' は以前にコマンド ラインで宣言されています
  
  DirectionalLightActor.cpp
C:\C++Files\SDL-OpenGLProject\SDLAndOpenGLProject\SDL3-3.2.8\include\SDL3\SDL_version.h(121,9): warning C4005: 'SDL_VERSION': マクロが再定義されました。
  (ソース ファイル 'DirectionalLightActor.cpp' をコンパイルしています)
      C:\C++Files\SDL-OpenGLProject\SDLAndOpenGLProject\SDL3-3.2.8\include\SDL3\SDL_version.h(121,9):
      'SDL_VERSION' は以前にコマンド ラインで宣言されています
  
  DirectionalLightComponent.cpp
C:\C++Files\SDL-OpenGLProject\SDLAndOpenGLProject\SDL3-3.2.8\include\SDL3\SDL_version.h(121,9): warning C4005: 'SDL_VERSION': マクロが再定義されました。
  (ソース ファイル 'DirectionalLightComponent.cpp' をコンパイルしています)
      C:\C++Files\SDL-OpenGLProject\SDLAndOpenGLProject\SDL3-3.2.8\include\SDL3\SDL_version.h(121,9):
      'SDL_VERSION' は以前にコマンド ラインで宣言されています
  
  FPSActor.cpp
C:\C++Files\SDL-OpenGLProject\SDLAndOpenGLProject\SDL3-3.2.8\include\SDL3\SDL_version.h(121,9): warning C4005: 'SDL_VERSION': マクロが再定義されました。
  (ソース ファイル 'FPSActor.cpp' をコンパイルしています)
      C:\C++Files\SDL-OpenGLProject\SDLAndOpenGLProject\SDL3-3.2.8\include\SDL3\SDL_version.h(121,9):
      'SDL_VERSION' は以前にコマンド ラインで宣言されています
  
  FPSCamera.cpp
C:\C++Files\SDL-OpenGLProject\SDLAndOpenGLProject\SDL3-3.2.8\include\SDL3\SDL_version.h(121,9): warning C4005: 'SDL_VERSION': マクロが再定義されました。
  (ソース ファイル 'FPSCamera.cpp' をコンパイルしています)
      C:\C++Files\SDL-OpenGLProject\SDLAndOpenGLProject\SDL3-3.2.8\include\SDL3\SDL_version.h(121,9):
      'SDL_VERSION' は以前にコマンド ラインで宣言されています
  
  FPSCanvas.cpp
C:\C++Files\SDL-OpenGLProject\SDLAndOpenGLProject\SDL3-3.2.8\include\SDL3\SDL_version.h(121,9): warning C4005: 'SDL_VERSION': マクロが再定義されました。
  (ソース ファイル 'FPSCanvas.cpp' をコンパイルしています)
      C:\C++Files\SDL-OpenGLProject\SDLAndOpenGLProject\SDL3-3.2.8\include\SDL3\SDL_version.h(121,9):
      'SDL_VERSION' は以前にコマンド ラインで宣言されています
  
  FollowCamera.cpp
C:\C++Files\SDL-OpenGLProject\SDLAndOpenGLProject\SDL3-3.2.8\include\SDL3\SDL_version.h(121,9): warning C4005: 'SDL_VERSION': マクロが再定義されました。
  (ソース ファイル 'FollowCamera.cpp' をコンパイルしています)
      C:\C++Files\SDL-OpenGLProject\SDLAndOpenGLProject\SDL3-3.2.8\include\SDL3\SDL_version.h(121,9):
      'SDL_VERSION' は以前にコマンド ラインで宣言されています
  
  FollowObjectMovement.cpp
C:\C++Files\SDL-OpenGLProject\SDLAndOpenGLProject\SDL3-3.2.8\include\SDL3\SDL_version.h(121,9): warning C4005: 'SDL_VERSION': マクロが再定義されました。
  (ソース ファイル 'FollowObjectMovement.cpp' をコンパイルしています)
      C:\C++Files\SDL-OpenGLProject\SDLAndOpenGLProject\SDL3-3.2.8\include\SDL3\SDL_version.h(121,9):
      'SDL_VERSION' は以前にコマンド ラインで宣言されています
  
  Font.cpp
C:\C++Files\SDL-OpenGLProject\SDLAndOpenGLProject\SDL3-3.2.8\include\SDL3\SDL_version.h(121,9): warning C4005: 'SDL_VERSION': マクロが再定義されました。
  (ソース ファイル 'Font.cpp' をコンパイルしています)
      C:\C++Files\SDL-OpenGLProject\SDLAndOpenGLProject\SDL3-3.2.8\include\SDL3\SDL_version.h(121,9):
      'SDL_VERSION' は以前にコマンド ラインで宣言されています
  
C:\C++Files\SDL-OpenGLProject\SDLAndOpenGLProject\Font.cpp(30,51): warning C4244: '引数': '_Ty' から 'float' への変換です。データが失われる可能性があります。
C:\C++Files\SDL-OpenGLProject\SDLAndOpenGLProject\Font.cpp(30,51): warning C4244:         with
C:\C++Files\SDL-OpenGLProject\SDLAndOpenGLProject\Font.cpp(30,51): warning C4244:         [
C:\C++Files\SDL-OpenGLProject\SDLAndOpenGLProject\Font.cpp(30,51): warning C4244:             _Ty=int
C:\C++Files\SDL-OpenGLProject\SDLAndOpenGLProject\Font.cpp(30,51): warning C4244:         ]
  FreeCamera.cpp
C:\C++Files\SDL-OpenGLProject\SDLAndOpenGLProject\SDL3-3.2.8\include\SDL3\SDL_version.h(121,9): warning C4005: 'SDL_VERSION': マクロが再定義されました。
  (ソース ファイル 'FreeCamera.cpp' をコンパイルしています)
      C:\C++Files\SDL-OpenGLProject\SDLAndOpenGLProject\SDL3-3.2.8\include\SDL3\SDL_version.h(121,9):
      'SDL_VERSION' は以前にコマンド ラインで宣言されています
  
  FreeCameraActor.cpp
C:\C++Files\SDL-OpenGLProject\SDLAndOpenGLProject\SDL3-3.2.8\include\SDL3\SDL_version.h(121,9): warning C4005: 'SDL_VERSION': マクロが再定義されました。
  (ソース ファイル 'FreeCameraActor.cpp' をコンパイルしています)
      C:\C++Files\SDL-OpenGLProject\SDLAndOpenGLProject\SDL3-3.2.8\include\SDL3\SDL_version.h(121,9):
      'SDL_VERSION' は以前にコマンド ラインで宣言されています
  
  GBuffer.cpp
C:\C++Files\SDL-OpenGLProject\SDLAndOpenGLProject\SDL3-3.2.8\include\SDL3\SDL_version.h(121,9): warning C4005: 'SDL_VERSION': マクロが再定義されました。
  (ソース ファイル 'GBuffer.cpp' をコンパイルしています)
      C:\C++Files\SDL-OpenGLProject\SDLAndOpenGLProject\SDL3-3.2.8\include\SDL3\SDL_version.h(121,9):
      'SDL_VERSION' は以前にコマンド ラインで宣言されています
  
  GameApp.cpp
C:\C++Files\SDL-OpenGLProject\SDLAndOpenGLProject\SDL3-3.2.8\include\SDL3\SDL_version.h(121,9): warning C4005: 'SDL_VERSION': マクロが再定義されました。
  (ソース ファイル 'GameApp.cpp' をコンパイルしています)
      C:\C++Files\SDL-OpenGLProject\SDLAndOpenGLProject\SDL3-3.2.8\include\SDL3\SDL_version.h(121,9):
      'SDL_VERSION' は以前にコマンド ラインで宣言されています
  
  GunActor.cpp
C:\C++Files\SDL-OpenGLProject\SDLAndOpenGLProject\SDL3-3.2.8\include\SDL3\SDL_version.h(121,9): warning C4005: 'SDL_VERSION': マクロが再定義されました。
  (ソース ファイル 'GunActor.cpp' をコンパイルしています)
      C:\C++Files\SDL-OpenGLProject\SDLAndOpenGLProject\SDL3-3.2.8\include\SDL3\SDL_version.h(121,9):
      'SDL_VERSION' は以前にコマンド ラインで宣言されています
  
  Image.cpp
C:\C++Files\SDL-OpenGLProject\SDLAndOpenGLProject\SDL3-3.2.8\include\SDL3\SDL_version.h(121,9): warning C4005: 'SDL_VERSION': マクロが再定義されました。
  (ソース ファイル 'Image.cpp' をコンパイルしています)
      C:\C++Files\SDL-OpenGLProject\SDLAndOpenGLProject\SDL3-3.2.8\include\SDL3\SDL_version.h(121,9):
      'SDL_VERSION' は以前にコマンド ラインで宣言されています
  
C:\C++Files\SDL-OpenGLProject\SDLAndOpenGLProject\Image.cpp(34,56): warning C4244: '=': 'float' から 'int' への変換です。データが失われる可能性があります。
C:\C++Files\SDL-OpenGLProject\SDLAndOpenGLProject\Image.cpp(35,57): warning C4244: '=': 'float' から 'int' への変換です。データが失われる可能性があります。
C:\C++Files\SDL-OpenGLProject\SDLAndOpenGLProject\Image.cpp(43,56): warning C4244: '=': 'float' から 'int' への変換です。データが失われる可能性があります。
C:\C++Files\SDL-OpenGLProject\SDLAndOpenGLProject\Image.cpp(44,57): warning C4244: '=': 'float' から 'int' への変換です。データが失われる可能性があります。
C:\C++Files\SDL-OpenGLProject\SDLAndOpenGLProject\Image.cpp(141,11): warning C4244: '初期化中': 'int' から 'float' への変換です。データが失われる可能性があります。
C:\C++Files\SDL-OpenGLProject\SDLAndOpenGLProject\Image.cpp(142,11): warning C4244: '初期化中': 'int' から 'float' への変換です。データが失われる可能性があります。
C:\C++Files\SDL-OpenGLProject\SDLAndOpenGLProject\Image.cpp(143,11): warning C4244: '初期化中': 'int' から 'float' への変換です。データが失われる可能性があります。
C:\C++Files\SDL-OpenGLProject\SDLAndOpenGLProject\Image.cpp(144,11): warning C4244: '初期化中': 'int' から 'float' への変換です。データが失われる可能性があります。
  Laser.cpp
C:\C++Files\SDL-OpenGLProject\SDLAndOpenGLProject\SDL3-3.2.8\include\SDL3\SDL_version.h(121,9): warning C4005: 'SDL_VERSION': マクロが再定義されました。
  (ソース ファイル 'Laser.cpp' をコンパイルしています)
      C:\C++Files\SDL-OpenGLProject\SDLAndOpenGLProject\SDL3-3.2.8\include\SDL3\SDL_version.h(121,9):
      'SDL_VERSION' は以前にコマンド ラインで宣言されています
  
  Mesh.cpp
C:\C++Files\SDL-OpenGLProject\SDLAndOpenGLProject\SDL3-3.2.8\include\SDL3\SDL_version.h(121,9): warning C4005: 'SDL_VERSION': マクロが再定義されました。
  (ソース ファイル 'Mesh.cpp' をコンパイルしています)
      C:\C++Files\SDL-OpenGLProject\SDLAndOpenGLProject\SDL3-3.2.8\include\SDL3\SDL_version.h(121,9):
      'SDL_VERSION' は以前にコマンド ラインで宣言されています
  
C:\C++Files\SDL-OpenGLProject\SDLAndOpenGLProject\Mesh.cpp(153,22): warning C4018: '<': signed と unsigned の数値を比較しようとしました。
C:\C++Files\SDL-OpenGLProject\SDLAndOpenGLProject\Mesh.cpp(354,26): warning C4018: '>': signed と unsigned の数値を比較しようとしました。
C:\C++Files\SDL-OpenGLProject\SDLAndOpenGLProject\Mesh.cpp(429,22): warning C4018: '<': signed と unsigned の数値を比較しようとしました。
  コードを生成中...
  コンパイル中...
  MeshActor.cpp
C:\C++Files\SDL-OpenGLProject\SDLAndOpenGLProject\SDL3-3.2.8\include\SDL3\SDL_version.h(121,9): warning C4005: 'SDL_VERSION': マクロが再定義されました。
  (ソース ファイル 'MeshActor.cpp' をコンパイルしています)
      C:\C++Files\SDL-OpenGLProject\SDLAndOpenGLProject\SDL3-3.2.8\include\SDL3\SDL_version.h(121,9):
      'SDL_VERSION' は以前にコマンド ラインで宣言されています
  
  MeshRenderer.cpp
C:\C++Files\SDL-OpenGLProject\SDLAndOpenGLProject\SDL3-3.2.8\include\SDL3\SDL_version.h(121,9): warning C4005: 'SDL_VERSION': マクロが再定義されました。
  (ソース ファイル 'MeshRenderer.cpp' をコンパイルしています)
      C:\C++Files\SDL-OpenGLProject\SDLAndOpenGLProject\SDL3-3.2.8\include\SDL3\SDL_version.h(121,9):
      'SDL_VERSION' は以前にコマンド ラインで宣言されています
  
  OrbitActor.cpp
C:\C++Files\SDL-OpenGLProject\SDLAndOpenGLProject\SDL3-3.2.8\include\SDL3\SDL_version.h(121,9): warning C4005: 'SDL_VERSION': マクロが再定義されました。
  (ソース ファイル 'OrbitActor.cpp' をコンパイルしています)
      C:\C++Files\SDL-OpenGLProject\SDLAndOpenGLProject\SDL3-3.2.8\include\SDL3\SDL_version.h(121,9):
      'SDL_VERSION' は以前にコマンド ラインで宣言されています
  
  OrbitCamera.cpp
C:\C++Files\SDL-OpenGLProject\SDLAndOpenGLProject\SDL3-3.2.8\include\SDL3\SDL_version.h(121,9): warning C4005: 'SDL_VERSION': マクロが再定義されました。
  (ソース ファイル 'OrbitCamera.cpp' をコンパイルしています)
      C:\C++Files\SDL-OpenGLProject\SDLAndOpenGLProject\SDL3-3.2.8\include\SDL3\SDL_version.h(121,9):
      'SDL_VERSION' は以前にコマンド ラインで宣言されています
  
  ParticleSystem.cpp
C:\C++Files\SDL-OpenGLProject\SDLAndOpenGLProject\SDL3-3.2.8\include\SDL3\SDL_version.h(121,9): warning C4005: 'SDL_VERSION': マクロが再定義されました。
  (ソース ファイル 'ParticleSystem.cpp' をコンパイルしています)
      C:\C++Files\SDL-OpenGLProject\SDLAndOpenGLProject\SDL3-3.2.8\include\SDL3\SDL_version.h(121,9):
      'SDL_VERSION' は以前にコマンド ラインで宣言されています
  
  ParticleTestActor.cpp
C:\C++Files\SDL-OpenGLProject\SDLAndOpenGLProject\SDL3-3.2.8\include\SDL3\SDL_version.h(121,9): warning C4005: 'SDL_VERSION': マクロが再定義されました。
  (ソース ファイル 'ParticleTestActor.cpp' をコンパイルしています)
      C:\C++Files\SDL-OpenGLProject\SDLAndOpenGLProject\SDL3-3.2.8\include\SDL3\SDL_version.h(121,9):
      'SDL_VERSION' は以前にコマンド ラインで宣言されています
  
  PauseMenu.cpp
C:\C++Files\SDL-OpenGLProject\SDLAndOpenGLProject\SDL3-3.2.8\include\SDL3\SDL_version.h(121,9): warning C4005: 'SDL_VERSION': マクロが再定義されました。
  (ソース ファイル 'PauseMenu.cpp' をコンパイルしています)
      C:\C++Files\SDL-OpenGLProject\SDLAndOpenGLProject\SDL3-3.2.8\include\SDL3\SDL_version.h(121,9):
      'SDL_VERSION' は以前にコマンド ラインで宣言されています
  
  PhysWorld.cpp
C:\C++Files\SDL-OpenGLProject\SDLAndOpenGLProject\SDL3-3.2.8\include\SDL3\SDL_version.h(121,9): warning C4005: 'SDL_VERSION': マクロが再定義されました。
  (ソース ファイル 'PhysWorld.cpp' をコンパイルしています)
      C:\C++Files\SDL-OpenGLProject\SDLAndOpenGLProject\SDL3-3.2.8\include\SDL3\SDL_version.h(121,9):
      'SDL_VERSION' は以前にコマンド ラインで宣言されています
  
  PlaneActor.cpp
C:\C++Files\SDL-OpenGLProject\SDLAndOpenGLProject\SDL3-3.2.8\include\SDL3\SDL_version.h(121,9): warning C4005: 'SDL_VERSION': マクロが再定義されました。
  (ソース ファイル 'PlaneActor.cpp' をコンパイルしています)
      C:\C++Files\SDL-OpenGLProject\SDLAndOpenGLProject\SDL3-3.2.8\include\SDL3\SDL_version.h(121,9):
      'SDL_VERSION' は以前にコマンド ラインで宣言されています
  
  PointLightComponent.cpp
C:\C++Files\SDL-OpenGLProject\SDLAndOpenGLProject\SDL3-3.2.8\include\SDL3\SDL_version.h(121,9): warning C4005: 'SDL_VERSION': マクロが再定義されました。
  (ソース ファイル 'PointLightComponent.cpp' をコンパイルしています)
      C:\C++Files\SDL-OpenGLProject\SDLAndOpenGLProject\SDL3-3.2.8\include\SDL3\SDL_version.h(121,9):
      'SDL_VERSION' は以前にコマンド ラインで宣言されています
  
  PortalActor.cpp
C:\C++Files\SDL-OpenGLProject\SDLAndOpenGLProject\SDL3-3.2.8\include\SDL3\SDL_version.h(121,9): warning C4005: 'SDL_VERSION': マクロが再定義されました。
  (ソース ファイル 'PortalActor.cpp' をコンパイルしています)
      C:\C++Files\SDL-OpenGLProject\SDLAndOpenGLProject\SDL3-3.2.8\include\SDL3\SDL_version.h(121,9):
      'SDL_VERSION' は以前にコマンド ラインで宣言されています
  
  PushButtonMove.cpp
C:\C++Files\SDL-OpenGLProject\SDLAndOpenGLProject\SDL3-3.2.8\include\SDL3\SDL_version.h(121,9): warning C4005: 'SDL_VERSION': マクロが再定義されました。
  (ソース ファイル 'PushButtonMove.cpp' をコンパイルしています)
      C:\C++Files\SDL-OpenGLProject\SDLAndOpenGLProject\SDL3-3.2.8\include\SDL3\SDL_version.h(121,9):
      'SDL_VERSION' は以前にコマンド ラインで宣言されています
  
  Renderer.cpp
C:\C++Files\SDL-OpenGLProject\SDLAndOpenGLProject\SDL3-3.2.8\include\SDL3\SDL_version.h(121,9): warning C4005: 'SDL_VERSION': マクロが再定義されました。
  (ソース ファイル 'Renderer.cpp' をコンパイルしています)
      C:\C++Files\SDL-OpenGLProject\SDLAndOpenGLProject\SDL3-3.2.8\include\SDL3\SDL_version.h(121,9):
      'SDL_VERSION' は以前にコマンド ラインで宣言されています
  
C:\C++Files\SDL-OpenGLProject\SDLAndOpenGLProject\Renderer.cpp(562,3): warning C4150: 'SceneViewEditor' 型を削除するため delete 演算子が呼び出されましたが、定義がありません。
      C:\C++Files\SDL-OpenGLProject\SDLAndOpenGLProject\Renderer.h(40,7):
      'SceneViewEditor' の宣言を確認してください
  
  Rigidbody.cpp
C:\C++Files\SDL-OpenGLProject\SDLAndOpenGLProject\SDL3-3.2.8\include\SDL3\SDL_version.h(121,9): warning C4005: 'SDL_VERSION': マクロが再定義されました。
  (ソース ファイル 'Rigidbody.cpp' をコンパイルしています)
      C:\C++Files\SDL-OpenGLProject\SDLAndOpenGLProject\SDL3-3.2.8\include\SDL3\SDL_version.h(121,9):
      'SDL_VERSION' は以前にコマンド ラインで宣言されています
  
  Shader.cpp
C:\C++Files\SDL-OpenGLProject\SDLAndOpenGLProject\SDL3-3.2.8\include\SDL3\SDL_version.h(121,9): warning C4005: 'SDL_VERSION': マクロが再定義されました。
  (ソース ファイル 'Shader.cpp' をコンパイルしています)
      C:\C++Files\SDL-OpenGLProject\SDLAndOpenGLProject\SDL3-3.2.8\include\SDL3\SDL_version.h(121,9):
      'SDL_VERSION' は以前にコマンド ラインで宣言されています
  
  ShadowMap.cpp
C:\C++Files\SDL-OpenGLProject\SDLAndOpenGLProject\SDL3-3.2.8\include\SDL3\SDL_version.h(121,9): warning C4005: 'SDL_VERSION': マクロが再定義されました。
  (ソース ファイル 'ShadowMap.cpp' をコンパイルしています)
      C:\C++Files\SDL-OpenGLProject\SDLAndOpenGLProject\SDL3-3.2.8\include\SDL3\SDL_version.h(121,9):
      'SDL_VERSION' は以前にコマンド ラインで宣言されています
  
  Ship.cpp
C:\C++Files\SDL-OpenGLProject\SDLAndOpenGLProject\SDL3-3.2.8\include\SDL3\SDL_version.h(121,9): warning C4005: 'SDL_VERSION': マクロが再定義されました。
  (ソース ファイル 'Ship.cpp' をコンパイルしています)
      C:\C++Files\SDL-OpenGLProject\SDLAndOpenGLProject\SDL3-3.2.8\include\SDL3\SDL_version.h(121,9):
      'SDL_VERSION' は以前にコマンド ラインで宣言されています
  
  SkeletalMeshRenderer.cpp
C:\C++Files\SDL-OpenGLProject\SDLAndOpenGLProject\SDL3-3.2.8\include\SDL3\SDL_version.h(121,9): warning C4005: 'SDL_VERSION': マクロが再定義されました。
  (ソース ファイル 'SkeletalMeshRenderer.cpp' をコンパイルしています)
      C:\C++Files\SDL-OpenGLProject\SDLAndOpenGLProject\SDL3-3.2.8\include\SDL3\SDL_version.h(121,9):
      'SDL_VERSION' は以前にコマンド ラインで宣言されています
  
  Skeleton.cpp
C:\C++Files\SDL-OpenGLProject\SDLAndOpenGLProject\SDL3-3.2.8\include\SDL3\SDL_version.h(121,9): warning C4005: 'SDL_VERSION': マクロが再定義されました。
  (ソース ファイル 'Skeleton.cpp' をコンパイルしています)
      C:\C++Files\SDL-OpenGLProject\SDLAndOpenGLProject\SDL3-3.2.8\include\SDL3\SDL_version.h(121,9):
      'SDL_VERSION' は以前にコマンド ラインで宣言されています
  
  SkeletonMeshActor.cpp
C:\C++Files\SDL-OpenGLProject\SDLAndOpenGLProject\SDL3-3.2.8\include\SDL3\SDL_version.h(121,9): warning C4005: 'SDL_VERSION': マクロが再定義されました。
  (ソース ファイル 'SkeletonMeshActor.cpp' をコンパイルしています)
      C:\C++Files\SDL-OpenGLProject\SDLAndOpenGLProject\SDL3-3.2.8\include\SDL3\SDL_version.h(121,9):
      'SDL_VERSION' は以前にコマンド ラインで宣言されています
  
  コードを生成中...
  コンパイル中...
  SkyBoxRenderer.cpp
C:\C++Files\SDL-OpenGLProject\SDLAndOpenGLProject\SDL3-3.2.8\include\SDL3\SDL_version.h(121,9): warning C4005: 'SDL_VERSION': マクロが再定義されました。
  (ソース ファイル 'SkyBoxRenderer.cpp' をコンパイルしています)
      C:\C++Files\SDL-OpenGLProject\SDLAndOpenGLProject\SDL3-3.2.8\include\SDL3\SDL_version.h(121,9):
      'SDL_VERSION' は以前にコマンド ラインで宣言されています
  
  SphereActor.cpp
C:\C++Files\SDL-OpenGLProject\SDLAndOpenGLProject\SDL3-3.2.8\include\SDL3\SDL_version.h(121,9): warning C4005: 'SDL_VERSION': マクロが再定義されました。
  (ソース ファイル 'SphereActor.cpp' をコンパイルしています)
      C:\C++Files\SDL-OpenGLProject\SDLAndOpenGLProject\SDL3-3.2.8\include\SDL3\SDL_version.h(121,9):
      'SDL_VERSION' は以前にコマンド ラインで宣言されています
  
  SphereCollider.cpp
C:\C++Files\SDL-OpenGLProject\SDLAndOpenGLProject\SDL3-3.2.8\include\SDL3\SDL_version.h(121,9): warning C4005: 'SDL_VERSION': マクロが再定義されました。
  (ソース ファイル 'SphereCollider.cpp' をコンパイルしています)
      C:\C++Files\SDL-OpenGLProject\SDLAndOpenGLProject\SDL3-3.2.8\include\SDL3\SDL_version.h(121,9):
      'SDL_VERSION' は以前にコマンド ラインで宣言されています
  
  SplineActor.cpp
C:\C++Files\SDL-OpenGLProject\SDLAndOpenGLProject\SDL3-3.2.8\include\SDL3\SDL_version.h(121,9): warning C4005: 'SDL_VERSION': マクロが再定義されました。
  (ソース ファイル 'SplineActor.cpp' をコンパイルしています)
      C:\C++Files\SDL-OpenGLProject\SDLAndOpenGLProject\SDL3-3.2.8\include\SDL3\SDL_version.h(121,9):
      'SDL_VERSION' は以前にコマンド ラインで宣言されています
  
  SplineCamera.cpp
C:\C++Files\SDL-OpenGLProject\SDLAndOpenGLProject\SDL3-3.2.8\include\SDL3\SDL_version.h(121,9): warning C4005: 'SDL_VERSION': マクロが再定義されました。
  (ソース ファイル 'SplineCamera.cpp' をコンパイルしています)
      C:\C++Files\SDL-OpenGLProject\SDLAndOpenGLProject\SDL3-3.2.8\include\SDL3\SDL_version.h(121,9):
      'SDL_VERSION' は以前にコマンド ラインで宣言されています
  
  Stages00.cpp
C:\C++Files\SDL-OpenGLProject\SDLAndOpenGLProject\SDL3-3.2.8\include\SDL3\SDL_version.h(121,9): warning C4005: 'SDL_VERSION': マクロが再定義されました。
  (ソース ファイル 'Stages00.cpp' をコンパイルしています)
      C:\C++Files\SDL-OpenGLProject\SDLAndOpenGLProject\SDL3-3.2.8\include\SDL3\SDL_version.h(121,9):
      'SDL_VERSION' は以前にコマンド ラインで宣言されています
  
  Stages01.cpp
C:\C++Files\SDL-OpenGLProject\SDLAndOpenGLProject\SDL3-3.2.8\include\SDL3\SDL_version.h(121,9): warning C4005: 'SDL_VERSION': マクロが再定義されました。
  (ソース ファイル 'Stages01.cpp' をコンパイルしています)
      C:\C++Files\SDL-OpenGLProject\SDLAndOpenGLProject\SDL3-3.2.8\include\SDL3\SDL_version.h(121,9):
      'SDL_VERSION' は以前にコマンド ラインで宣言されています
  
  TPSCanvas.cpp
C:\C++Files\SDL-OpenGLProject\SDLAndOpenGLProject\SDL3-3.2.8\include\SDL3\SDL_version.h(121,9): warning C4005: 'SDL_VERSION': マクロが再定義されました。
  (ソース ファイル 'TPSCanvas.cpp' をコンパイルしています)
      C:\C++Files\SDL-OpenGLProject\SDLAndOpenGLProject\SDL3-3.2.8\include\SDL3\SDL_version.h(121,9):
      'SDL_VERSION' は以前にコマンド ラインで宣言されています
  
  TPSPlayer.cpp
C:\C++Files\SDL-OpenGLProject\SDLAndOpenGLProject\SDL3-3.2.8\include\SDL3\SDL_version.h(121,9): warning C4005: 'SDL_VERSION': マクロが再定義されました。
  (ソース ファイル 'TPSPlayer.cpp' をコンパイルしています)
      C:\C++Files\SDL-OpenGLProject\SDLAndOpenGLProject\SDL3-3.2.8\include\SDL3\SDL_version.h(121,9):
      'SDL_VERSION' は以前にコマンド ラインで宣言されています
  
  TargetActor.cpp
C:\C++Files\SDL-OpenGLProject\SDLAndOpenGLProject\SDL3-3.2.8\include\SDL3\SDL_version.h(121,9): warning C4005: 'SDL_VERSION': マクロが再定義されました。
  (ソース ファイル 'TargetActor.cpp' をコンパイルしています)
      C:\C++Files\SDL-OpenGLProject\SDLAndOpenGLProject\SDL3-3.2.8\include\SDL3\SDL_version.h(121,9):
      'SDL_VERSION' は以前にコマンド ラインで宣言されています
  
  TargetComponent.cpp
C:\C++Files\SDL-OpenGLProject\SDLAndOpenGLProject\SDL3-3.2.8\include\SDL3\SDL_version.h(121,9): warning C4005: 'SDL_VERSION': マクロが再定義されました。
  (ソース ファイル 'TargetComponent.cpp' をコンパイルしています)
      C:\C++Files\SDL-OpenGLProject\SDLAndOpenGLProject\SDL3-3.2.8\include\SDL3\SDL_version.h(121,9):
      'SDL_VERSION' は以前にコマンド ラインで宣言されています
  
  TargetComponentSystem.cpp
C:\C++Files\SDL-OpenGLProject\SDLAndOpenGLProject\SDL3-3.2.8\include\SDL3\SDL_version.h(121,9): warning C4005: 'SDL_VERSION': マクロが再定義されました。
  (ソース ファイル 'TargetComponentSystem.cpp' をコンパイルしています)
      C:\C++Files\SDL-OpenGLProject\SDLAndOpenGLProject\SDL3-3.2.8\include\SDL3\SDL_version.h(121,9):
      'SDL_VERSION' は以前にコマンド ラインで宣言されています
  
  Text.cpp
C:\C++Files\SDL-OpenGLProject\SDLAndOpenGLProject\SDL3-3.2.8\include\SDL3\SDL_version.h(121,9): warning C4005: 'SDL_VERSION': マクロが再定義されました。
  (ソース ファイル 'Text.cpp' をコンパイルしています)
      C:\C++Files\SDL-OpenGLProject\SDLAndOpenGLProject\SDL3-3.2.8\include\SDL3\SDL_version.h(121,9):
      'SDL_VERSION' は以前にコマンド ラインで宣言されています
  
C:\C++Files\SDL-OpenGLProject\SDLAndOpenGLProject\Text.cpp(33,56): warning C4244: '=': 'float' から 'int' への変換です。データが失われる可能性があります。
C:\C++Files\SDL-OpenGLProject\SDLAndOpenGLProject\Text.cpp(34,57): warning C4244: '=': 'float' から 'int' への変換です。データが失われる可能性があります。
C:\C++Files\SDL-OpenGLProject\SDLAndOpenGLProject\Text.cpp(51,56): warning C4244: '=': 'float' から 'int' への変換です。データが失われる可能性があります。
C:\C++Files\SDL-OpenGLProject\SDLAndOpenGLProject\Text.cpp(52,57): warning C4244: '=': 'float' から 'int' への変換です。データが失われる可能性があります。
  Texture.cpp
C:\C++Files\SDL-OpenGLProject\SDLAndOpenGLProject\SDL3-3.2.8\include\SDL3\SDL_version.h(121,9): warning C4005: 'SDL_VERSION': マクロが再定義されました。
  (ソース ファイル 'Texture.cpp' をコンパイルしています)
      C:\C++Files\SDL-OpenGLProject\SDLAndOpenGLProject\SDL3-3.2.8\include\SDL3\SDL_version.h(121,9):
      'SDL_VERSION' は以前にコマンド ラインで宣言されています
  
  TitleCanvas.cpp
C:\C++Files\SDL-OpenGLProject\SDLAndOpenGLProject\SDL3-3.2.8\include\SDL3\SDL_version.h(121,9): warning C4005: 'SDL_VERSION': マクロが再定義されました。
  (ソース ファイル 'TitleCanvas.cpp' をコンパイルしています)
      C:\C++Files\SDL-OpenGLProject\SDLAndOpenGLProject\SDL3-3.2.8\include\SDL3\SDL_version.h(121,9):
      'SDL_VERSION' は以前にコマンド ラインで宣言されています
  
  TitleScene.cpp
C:\C++Files\SDL-OpenGLProject\SDLAndOpenGLProject\SDL3-3.2.8\include\SDL3\SDL_version.h(121,9): warning C4005: 'SDL_VERSION': マクロが再定義されました。
  (ソース ファイル 'TitleScene.cpp' をコンパイルしています)
      C:\C++Files\SDL-OpenGLProject\SDLAndOpenGLProject\SDL3-3.2.8\include\SDL3\SDL_version.h(121,9):
      'SDL_VERSION' は以前にコマンド ラインで宣言されています
  
  VertexArray.cpp
  コードを生成中...
C:\C++Files\SDL-OpenGLProject\SDLAndOpenGLProject\SphereCollider.h(29,1): warning C4172: ローカル変数またはテンポラリ  のアドレスを返します
  SOIL.lib(SOIL.obj) : MSIL .netmodule または /GL を伴ってコンパイルされたモジュールが見つかりました。/LTCG を使用して再開始してください。リンカーのパフォーマンスを向上させるためには、コマンドラインに /LTCG を追加してください。
LINK : warning LNK4075: /INCREMENTAL は /LTCG の指定によって無視されます。
LINK : warning LNK4098: defaultlib 'MSVCRT' は他のライブラリの使用と競合しています。/NODEFAULTLIB:library を使用してください。
  コード生成しています。
  コード生成が終了しました。
glew32sd.lib(glew.obj) : warning LNK4099: PDB 'glew_static.pdb' が 'glew32sd.lib(glew.obj)' で、または 'C:\C++Files\SDL-OpenGLProject\bin\glew_static.pdb' に見つかりません。デバッグ情報がないものとして、オブジェクトにリンクします。
SOIL.lib(SOIL.obj) : warning LNK4099: PDB 'SOIL.pdb' が 'SOIL.lib(SOIL.obj)' で、または 'C:\C++Files\SDL-OpenGLProject\bin\SOIL.pdb' に見つかりません。デバッグ情報がないものとして、オブジェクトにリンクします。
SOIL.lib(image_helper.obj) : warning LNK4099: PDB 'SOIL.pdb' が 'SOIL.lib(image_helper.obj)' で、または 'C:\C++Files\SDL-OpenGLProject\bin\SOIL.pdb' に見つかりません。デバッグ情報がないものとして、オブジェクトにリンクします。
SOIL.lib(stb_image_aug.obj) : warning LNK4099: PDB 'SOIL.pdb' が 'SOIL.lib(stb_image_aug.obj)' で、または 'C:\C++Files\SDL-OpenGLProject\bin\SOIL.pdb' に見つかりません。デバッグ情報がないものとして、オブジェクトにリンクします。
SOIL.lib(image_DXT.obj) : warning LNK4099: PDB 'SOIL.pdb' が 'SOIL.lib(image_DXT.obj)' で、または 'C:\C++Files\SDL-OpenGLProject\bin\SOIL.pdb' に見つかりません。デバッグ情報がないものとして、オブジェクトにリンクします。
  SDLAndOpenGLProject.vcxproj -> C:\C++Files\SDL-OpenGLProject\bin\SDLAndOpenGLProject.exe
