  Actor.cpp
  AnimSpriteComponent.cpp
C:\C++Files\SDLAndOpenGLProject\SDLAndOpenGLProject\Game.h(2,10): error C1083: include ファイルを開けません。'SDL3/SDL.h':No such file or directory
  Asteroid.cpp
  (ソース ファイル 'Actor.cpp' をコンパイルしています)
  
C:\C++Files\SDLAndOpenGLProject\SDLAndOpenGLProject\SpriteComponent.h(3,10): error C1083: include ファイルを開けません。'SDL3/SDL.h':No such file or directory
  (ソース ファイル 'AnimSpriteComponent.cpp' をコンパイルしています)
  
C:\C++Files\SDLAndOpenGLProject\SDLAndOpenGLProject\SpriteComponent.h(3,10): error C1083: include ファイルを開けません。'SDL3/SDL.h':No such file or directory
  (ソース ファイル 'Asteroid.cpp' をコンパイルしています)
  
  AudioSystem.cpp
C:\C++Files\SDLAndOpenGLProject\SDLAndOpenGLProject\AudioSystem.cpp(2,10): error C1083: include ファイルを開けません。'SDL3/SDL_log.h':No such file or directory
  BGSpriteComponent.cpp
C:\C++Files\SDLAndOpenGLProject\SDLAndOpenGLProject\SpriteComponent.h(3,10): error C1083: include ファイルを開けません。'SDL3/SDL.h':No such file or directory
  (ソース ファイル 'BGSpriteComponent.cpp' をコンパイルしています)
  
  CameraActor.cpp
C:\C++Files\SDLAndOpenGLProject\SDLAndOpenGLProject\CameraActor.cpp(3,10): error C1083: include ファイルを開けません。'SDL3/SDL_scancode.h':No such file or directory
  CircleComponent.cpp
  Component.cpp
  Game.cpp
C:\C++Files\SDLAndOpenGLProject\SDLAndOpenGLProject\Game.h(2,10): error C1083: include ファイルを開けません。'SDL3/SDL.h':No such file or directory
  (ソース ファイル 'Game.cpp' をコンパイルしています)
  
  InputComponent.cpp
  Laser.cpp
C:\C++Files\SDLAndOpenGLProject\SDLAndOpenGLProject\SpriteComponent.h(3,10): error C1083: include ファイルを開けません。'SDL3/SDL.h':No such file or directory
  (ソース ファイル 'Laser.cpp' をコンパイルしています)
  
  Main.cpp
C:\C++Files\SDLAndOpenGLProject\SDLAndOpenGLProject\Game.h(2,10): error C1083: include ファイルを開けません。'SDL3/SDL.h':No such file or directory
  (ソース ファイル 'Main.cpp' をコンパイルしています)
  
  Math.cpp
  Mesh.cpp
C:\C++Files\SDLAndOpenGLProject\SDLAndOpenGLProject\Renderer.h(5,10): error C1083: include ファイルを開けません。'SDL3/SDL.h':No such file or directory
  (ソース ファイル 'Mesh.cpp' をコンパイルしています)
  
  MeshComponent.cpp
C:\C++Files\SDLAndOpenGLProject\SDLAndOpenGLProject\Game.h(2,10): error C1083: include ファイルを開けません。'SDL3/SDL.h':No such file or directory
  (ソース ファイル 'MeshComponent.cpp' をコンパイルしています)
  
  MoveComponent.cpp
  PlaneActor.cpp
C:\C++Files\SDLAndOpenGLProject\SDLAndOpenGLProject\Game.h(2,10): error C1083: include ファイルを開けません。'SDL3/SDL.h':No such file or directory
  (ソース ファイル 'PlaneActor.cpp' をコンパイルしています)
  
  Random.cpp
  Renderer.cpp
C:\C++Files\SDLAndOpenGLProject\SDLAndOpenGLProject\Renderer.h(5,10): error C1083: include ファイルを開けません。'SDL3/SDL.h':No such file or directory
  (ソース ファイル 'Renderer.cpp' をコンパイルしています)
  
  Shader.cpp
C:\C++Files\SDLAndOpenGLProject\SDLAndOpenGLProject\Shader.cpp(3,10): error C1083: include ファイルを開けません。'SDL3/SDL.h':No such file or directory
  コードを生成中...
  コンパイル中...
  Ship.cpp
C:\C++Files\SDLAndOpenGLProject\SDLAndOpenGLProject\SpriteComponent.h(3,10): error C1083: include ファイルを開けません。'SDL3/SDL.h':No such file or directory
  (ソース ファイル 'Ship.cpp' をコンパイルしています)
  
  SoundEvent.cpp
C:\C++Files\SDLAndOpenGLProject\SDLAndOpenGLProject\SoundEvent.cpp(3,10): error C1083: include ファイルを開けません。'fmod_studio.hpp':No such file or directory
  SpriteComponent.cpp
C:\C++Files\SDLAndOpenGLProject\SDLAndOpenGLProject\SpriteComponent.h(3,10): error C1083: include ファイルを開けません。'SDL3/SDL.h':No such file or directory
  (ソース ファイル 'SpriteComponent.cpp' をコンパイルしています)
  
  Texture.cpp
C:\C++Files\SDLAndOpenGLProject\SDLAndOpenGLProject\Texture.cpp(4,10): error C1083: include ファイルを開けません。'SDL3/SDL.h':No such file or directory
  VertexArray.cpp
  コードを生成中...
